// Jest Snapshot v1, https://goo.gl/fbAQLP

exports[`--- MainNavigation snapshot --- should render Main Navigation correctly. 1`] = `
<Fragment>
  <SideDrawer
    onClick={[Function]}
    show={false}
  >
    <nav
      className="main-navigation__drawer-nav"
    >
      <NavLinks />
    </nav>
  </SideDrawer>
  <MainHeader>
    <button
      className="main-navigation__menu-btn"
      onClick={[Function]}
    >
      <span />
      <span />
      <span />
    </button>
    <h1
      className="main-navigation__title"
    >
      <Link
        to="/"
      >
        Lottery - App
      </Link>
    </h1>
    <nav
      className="main-navigation__header-nav"
    >
      <NavLinks />
    </nav>
  </MainHeader>
</Fragment>
`;
