// Jest Snapshot v1, https://goo.gl/fbAQLP

exports[`--- NotFound snapshot --- should render NotFound Page correctly 1`] = `
<Page
  title="Page not found"
>
  <div
    className="text-center"
  >
    <h2>
      Page cannot be found.
    </h2>
    <p
      className="lead text-muted"
    >
      You can always visit the 
      <Link
        to="/"
      >
        home page
      </Link>
       to get a fresh start.
    </p>
  </div>
</Page>
`;
